
> default-app@0.1.0 build
> next build

??Next.js 16.1.6 (Turbopack)

  Creating an optimized production build ...
??Compiled successfully in 2.5s
  Running TypeScript ...
  Collecting page data using 7 workers ...
  Generating static pages using 7 workers (0/9) ...
  Generating static pages using 7 workers (2/9) 
  Generating static pages using 7 workers (4/9) 
  Generating static pages using 7 workers (6/9) 
??Generating static pages using 7 workers (9/9) in 129.4ms
  Finalizing page optimization ...

Route (app)
??? /
??? /_not-found
??? /free
??? /guidebook
??? /login
??? /premium
??? /signup


? Proxy (Middleware)

?  (Dynamic)  server-rendered on demand

